案例1:为虚拟机 server 配置以下静态地址参数
– 主机名:server0.example.com
– IP地址:172.25.0.11
– 子网掩码:255.255.255.0
– 默认网关:172.25.0.254
– DNS服务器:172.25.254.254


答
nmcli connection modify 'System eth0' ipv4.method manual ipv4.addresses '172.25.0.11/24172.25.0.254' connection.autoconnect yes
Error: failed to modify ipv4.addresses: invalid prefix '24172.25.0.254'; <1-32> allowed.
[root@server0 /]# vim /etc/resolv.conf 


案例2：设置SELinux保护
为虚拟机 server0、desktop0 配置SELinux 
  1）确保 SELinux 处于强制启用模式（permissive） 
  2）在每次重新开机后，此设置必须仍然有效
 回答： vim /etc/selinux/config 

案例3：自定义用户环境
为系统 server0  创建自定义命令 
  1）自定义命令的名称为 qstat 
  2）此自定义命令将执行以下操作： /bin/ps -Ao pid,tt,user,fname,rsz 
  3）此自定义命令对系统中的所有用户都有
  
alias qstat='/bin/ps -Ao pid,tt,user,fname,rsz' 


案例4：Shell脚本
为系统 server0 书写脚本/root/user.sh
运行脚本，可以判断用户输入的用户是否存在
如果存在，输出用户基本信息（id  用户名）
如果用户，不存在则创建用户，并输出用户创建成功.

案例1:为虚拟机 server 配置以下静态地址参数
– 主机名:server0.example.com
– IP地址:172.25.0.11
– 子网掩码:255.255.255.0
– 默认网关:172.25.0.254
– DNS服务器:172.25.254.254


答
nmcli connection modify 'System eth0' ipv4.method manual ipv4.addresses '172.25.0.11/24172.25.0.254' connection.autoconnect yes
Error: failed to modify ipv4.addresses: invalid prefix '24172.25.0.254'; <1-32> allowed.
[root@server0 /]# vim /etc/resolv.conf 


案例2：设置SELinux保护
为虚拟机 server0、desktop0 配置SELinux 
  1）确保 SELinux 处于强制启用模式（permissive） 
  2）在每次重新开机后，此设置必须仍然有效
 回答： vim /etc/selinux/config 

案例3：自定义用户环境
为系统 server0  创建自定义命令 
  1）自定义命令的名称为 qstat 
  2）此自定义命令将执行以下操作： /bin/ps -Ao pid,tt,user,fname,rsz 
  3）此自定义命令对系统中的所有用户都有
  
alias qstat='/bin/ps -Ao pid,tt,user,fname,rsz' 


案例4：Shell脚本
为系统 server0 书写脚本/root/user.sh
运行脚本，可以判断用户输入的用户是否存在
如果存在，输出用户基本信息（id  用户名）
如果用户，不存在则创建用户，并输出用户创建成功
#!/bin/bash
read -p '请输入你的用户名：'  a
a=$1
useradd $a &> /dev/null
echo 创建成功
echo 勇敢创建成公
~                   


案例5：实现本机server0 的Web服务
  1）利用httpd软件搭建Web服务，页面显示内容为 小蝌蚪找妈妈 
回答：yum -y install httpd

systemctl restart httpd
systemctl enable httpd
 vim /var/www/html/index.html

案例6：实现本机server0 的防火墙配置
  1）修改虚拟机 server0防火墙配置，明确拒绝所有客户端访问
firewall-cmd --set-default-zone=block 
  2）在虚拟机 desktop0上测试能否访问server0 的Web服务

回答：firefox ftp://172.25.0.11

(process:5300): GLib-CRITICAL **: g_slice_set_config: assertion `sys_page_size == 0' failed


  3）在虚拟机 desktop0上测试能否 ping通 虚拟机 server0
回答 ping 172.25.0.11
PING 172.25.0.11 (172.25.0.11) 56(84) bytes of data.
From 172.25.0.11 icmp_seq=1 Destination Host Prohibited


案例7：实现本机server0 的防火墙配置
  1）修改虚拟机 server0防火墙配置，将默认区域修改为public
 回答：[root@server0 /]# firewall-cmd --set-default-zone=public 
success

  2）在虚拟机 desktop0上测试能否访问server0 的Web服务
     
[root@desktop0 ~]# firefox ftp://172.25.0.11

(process:5415): GLib-CRITICAL **: g_slice_set_config: assertion `sys_page_size == 0' failed



  3）在虚拟机 desktop0上测试能否 ping通 虚拟机 server0
           ping 172.25.0.11


案例8：实现本机server0 的防火墙配置
  1）修改虚拟机 server0防火墙配置，将默认区域修改为public
 firewall-cmd --set-default-zone=public

  2）修改虚拟机 server0防火墙配置，在public区域中添加http服务
  回答：firewall-cmd --zone=public --add-service=http
success

  3）在虚拟机 desktop0上测试能否访问server0 的Web服务

回答：firefox 172.25.0.11











案例1:为虚拟机 server 配置以下静态地址参数
– 主机名:server0.example.com
– IP地址:172.25.0.11
– 子网掩码:255.255.255.0
– 默认网关:172.25.0.254
– DNS服务器:172.25.254.254


答
nmcli connection modify 'System eth0' ipv4.method manual ipv4.addresses '172.25.0.11/24172.25.0.254' connection.autoconnect yes
Error: failed to modify ipv4.addresses: invalid prefix '24172.25.0.254'; <1-32> allowed.
[root@server0 /]# vim /etc/resolv.conf 


案例2：设置SELinux保护
为虚拟机 server0、desktop0 配置SELinux 
  1）确保 SELinux 处于强制启用模式（permissive） 
  2）在每次重新开机后，此设置必须仍然有效
 回答： vim /etc/selinux/config 

案例3：自定义用户环境
为系统 server0  创建自定义命令 
  1）自定义命令的名称为 qstat 
  2）此自定义命令将执行以下操作： /bin/ps -Ao pid,tt,user,fname,rsz 
  3）此自定义命令对系统中的所有用户都有
  
alias qstat='/bin/ps -Ao pid,tt,user,fname,rsz' 


案例4：Shell脚本
为系统 server0 书写脚本/root/user.sh
运行脚本，可以判断用户输入的用户是否存在
如果存在，输出用户基本信息（id  用户名）
如果用户，不存在则创建用户，并输出用户创建成功
#!bin/bash
a=$a
ueseadd $a &>  /dev/null
echo 请输出用户名字 
echo 用户$a创建成功



案例5：实现本机server0 的Web服务
  1）利用httpd软件搭建Web服务，页面显示内容为 小蝌蚪找妈妈 
回答：yum -y install httpd

systemctl restart httpd
systemctl enable httpd
 vim /var/www/html/index.html

案例6：实现本机server0 的防火墙配置
  1）修改虚拟机 server0防火墙配置，明确拒绝所有客户端访问
firewall-cmd --set-default-zone=block 
  2）在虚拟机 desktop0上测试能否访问server0 的Web服务

回答：firefox ftp://172.25.0.11

(process:5300): GLib-CRITICAL **: g_slice_set_config: assertion `sys_page_size == 0' failed


  3）在虚拟机 desktop0上测试能否 ping通 虚拟机 server0
回答 ping 172.25.0.11
PING 172.25.0.11 (172.25.0.11) 56(84) bytes of data.
From 172.25.0.11 icmp_seq=1 Destination Host Prohibited


案例7：实现本机server0 的防火墙配置
  1）修改虚拟机 server0防火墙配置，将默认区域修改为public
 回答：[root@server0 /]# firewall-cmd --set-default-zone=public 
success

  2）在虚拟机 desktop0上测试能否访问server0 的Web服务
     
[root@desktop0 ~]# firefox ftp://172.25.0.11

(process:5415): GLib-CRITICAL **: g_slice_set_config: assertion `sys_page_size == 0' failed



  3）在虚拟机 desktop0上测试能否 ping通 虚拟机 server0
           ping 172.25.0.11


案例8：实现本机server0 的防火墙配置
  1）修改虚拟机 server0防火墙配置，将默认区域修改为public
 firewall-cmd --set-default-zone=public

  2）修改虚拟机 server0防火墙配置，在public区域中添加http服务
  回答：firewall-cmd --zone=public --add-service=http
success

  3）在虚拟机 desktop0上测试能否访问server0 的Web服务

回答：firefox 172.25.0.11









案例5：实现本机server0 的Web服务
  1）利用httpd软件搭建Web服务，页面显示内容为 小蝌蚪找妈妈 
回答：yum -y install httpd

systemctl restart httpd
systemctl enable httpd
 vim /var/www/html/index.html

案例6：实现本机server0 的防火墙配置
  1）修改虚拟机 server0防火墙配置，明确拒绝所有客户端访问
firewall-cmd --set-default-zone=block 
  2）在虚拟机 desktop0上测试能否访问server0 的Web服务

回答：firefox ftp://172.25.0.11

(process:5300): GLib-CRITICAL **: g_slice_set_config: assertion `sys_page_size == 0' failed


  3）在虚拟机 desktop0上测试能否 ping通 虚拟机 server0
回答 ping 172.25.0.11
PING 172.25.0.11 (172.25.0.11) 56(84) bytes of data.
From 172.25.0.11 icmp_seq=1 Destination Host Prohibited


案例7：实现本机server0 的防火墙配置
  1）修改虚拟机 server0防火墙配置，将默认区域修改为public
 回答：[root@server0 /]# firewall-cmd --set-default-zone=public 
success

  2）在虚拟机 desktop0上测试能否访问server0 的Web服务
     
[root@desktop0 ~]# firefox ftp://172.25.0.11

(process:5415): GLib-CRITICAL **: g_slice_set_config: assertion `sys_page_size == 0' failed



  3）在虚拟机 desktop0上测试能否 ping通 虚拟机 server0
           ping 172.25.0.11


案例8：实现本机server0 的防火墙配置
  1）修改虚拟机 server0防火墙配置，将默认区域修改为public
 firewall-cmd --set-default-zone=public

  2）修改虚拟机 server0防火墙配置，在public区域中添加http服务
  回答：firewall-cmd --zone=public --add-service=http
success

  3）在虚拟机 desktop0上测试能否访问server0 的Web服务

回答：firefox 172.25.0.11



