案例1:为虚拟机 server 配置以下静态地址参数
C 主机名:server0.example.com
C IP地址:172.25.0.11
C 子网掩码:255.255.255.0
C 默认网关:172.25.0.254
[root@server0 ~]# nmcli connection modify "System eth0" ipv4.method manual ipv4.addresses "172.25.0.11/24 172.25.0.254" connection.autoconnect yes
[root@server0 ~]# ifconfig
eth0: flags=4163<UP,BROADCAST,RUNNING,MULTICAST>  mtu 1500
        inet 172.25.0.11  netmask 255.255.255.0  broadcast 172.25.0.255


C DNS服务器:172.25.254.254
[root@server0 ~]# echo nameserver 172.25.254.254> /etc/reslov.con
[root@server0 ~]# cat /etc/reslov.con
nameserver 172.25.254.254



案例2：设置SELinux保护
为虚拟机 server0、desktop0 配置SELinux 
  1）确保 SELinux 处于强制启用模式（permissive） 
  2）在每次重新开机后，此设置必须仍然有效
[root@server0 ~]# vim /etc/selinux/config 

# This file controls the state of SELinux on the system.
# SELINUX= can take one of these three values:
#     enforcing - SELinux security policy is enforced.
#     permissive - SELinux prints warnings instead of enforcing.
#     disabled - No SELinux policy is loaded.
SELINUX=SELinux
# SELINUXTYPE= can take one of these two values:
#     targeted - Targeted processes are protected,
#     minimum - Modification of targeted policy. Only selected processes are protected. 
#     mls - Multi Level Security protection.
SELINUXTYPE=targeted

[root@server0 ~]# setenforce 0
[root@server0 ~]# getenforce Permissive
Permissive


[root@desktop0 ~]# vim /etc/selinux/config

# This file controls the state of SELinux on the system.
# SELINUX= can take one of these three values:
#     enforcing - SELinux security policy is enforced.
#     permissive - SELinux prints warnings instead of enforcing.
#     disabled - No SELinux policy is loaded.
SELINUX=SELinux
# SELINUXTYPE= can take one of these two values:
#     targeted - Targeted processes are protected,
#     minimum - Modification of targeted policy. Only selected processes are protected. 
#     mls - Multi Level Security protection.
SELINUXTYPE=targeted

[root@desktop0 ~]# setenforce 0
[root@desktop0 ~]# getenforce Permissive
Permissive







案例3：自定义用户环境
为系统 server0  创建自定义命令 
  1）自定义命令的名称为 qstat 
  2）此自定义命令将执行以下操作： /bin/ps -Ao pid,tt,user,fname,rsz 
  3）此自定义命令对系统中的所有用户都有
[root@server0 ~]# vim /etc/bashrc
[root@server0 ~]# tail -2 /etc/bashrc
#etc/bashrc
alias qstat='/bin/ps -Ao pid,tt,user,fname,rsz'




案例4：Shell脚本
为系统 server0 书写脚本/root/user.sh
运行脚本，可以判断用户输入的用户是否存在
如果存在，输出用户基本信息（id  用户名）
如果用户，不存在则创建用户，并输出用户创建成功
[root@server0 ~]# vim /root/user.sh
[root@server0 ~]# chmod +x /root/user.sh
[root@server0 ~]# /root/user.sh
#!/bin/bash
read -p '请你输入你测试的用户:' a
useradd $a &> /dev/null
if [ $? -eq  0  ];then
echo 用户$a创建成功
else
echo 用户$a已存在
id $a
fi


~                           








案例5：实现本机server0 的Web服务
  1）利用httpd软件搭建Web服务，页面显示内容为 小蝌蚪找妈妈 
[root@server0 ~]# yum -y install httpd
已加载插件：langpacks
rhel_dvd                                                 | 4.1 kB     00:00     
软件包 httpd-2.4.6-17.el7.x86_64 已安装并且是最新版本
[root@server0 ~]# systemctl restart httpd
[root@server0 ~]# systemctl enable httpd
[root@server0 ~]# vim /var/www.html
<marquee><font color=red><h1>小蝌蚪找妈妈

案例6：实现本机server0 的防火墙配置
  1）修改虚拟机 server0防火墙配置，明确拒绝所有客户端访问
  2）在虚拟机 desktop0上测试能否访问server0 的Web服务
  3）在虚拟机 desktop0上测试能否 ping通 虚拟机 server0

案例7：实现本机server0 的防火墙配置
  1）修改虚拟机 server0防火墙配置，将默认区域修改为public
[root@server0 ~]# firewall-cmd --set-default-zone=public
success
[root@server0 ~]# firewall-cmd --get-default-zone 
public



  2）在虚拟机 desktop0上测试能否访问server0 的Web服务
[root@server0 ~]# firewall-cmd --zone=public  --list-all
public (default, active)
  interfaces: eth0
  sources: 
  services: dhcpv6-client  ssh
  ports: 
  masquerade: no
  forward-ports: 
  icmp-blocks: 
  rich rules: 


  3）在虚拟机 desktop0上测试能否 ping通 虚拟机 server0


案例8：实现本机server0 的防火墙配置
  1）修改虚拟机 server0防火墙配置，将默认区域修改为public
[root@server0 ~]# firewall-cmd --set-default-zone=public
success
[root@server0 ~]# firewall-cmd --get-default-zone 
public
[root@server0 ~]# firewall-cmd --set-default-zone=block 


  2）修改虚拟机 server0防火墙配置，在public区域中添加http服务
[root@server0 ~]# firewall-cmd --irewall-cmd --permanent --zone=public --add-service=http
usage: see firewall-cmd man page
firewall-cmd: error: unrecognized arguments: --irewall-cmd
[root@server0 ~]# firewall-cmd --reload 
success



  3）在虚拟机 desktop0上测试能否访问server0 的Web服务



